// Jest Snapshot v1, https://goo.gl/fbAQLP

exports[`<Posts /> should match snapshot 1`] = `
<div
  class="posts"
>
  <div
    class="post"
  >
    <img
      alt="title1"
      src="img/img1.png"
    />
    <div
      class="post-content"
    >
      <h3>
        title1
      </h3>
      <p>
        Body1
      </p>
    </div>
  </div>
  <div
    class="post"
  >
    <img
      alt="title2"
      src="img/img2.png"
    />
    <div
      class="post-content"
    >
      <h3>
        title2
      </h3>
      <p>
        Body2
      </p>
    </div>
  </div>
  <div
    class="post"
  >
    <img
      alt="title3"
      src="img/img3.png"
    />
    <div
      class="post-content"
    >
      <h3>
        title3
      </h3>
      <p>
        Body3
      </p>
    </div>
  </div>
</div>
`;
